// Jest Snapshot v1, https://goo.gl/fbAQLP

exports[`should it match Snapshot 1`] = `<DocumentFragment />`;
