// Jest Snapshot v1, https://goo.gl/fbAQLP

exports[`should it match snapshot 1`] = `
<DocumentFragment>
  <section
    class="col-md-4"
  >
    <div
      class="card"
    >
      <div
        class="card-body"
      >
        <h5
          class="font-weight-bold text-center card-title"
        >
          Menu
        </h5>
        <p
          class="card-text"
        >
          Some quick example text to build on the card title and make up the bulk of the card's content.
        </p>
        <ul
          class="list-group"
        >
          <a
            href="//nachos"
          >
            <li
              class="list-group-item"
            >
              Nachos
            </li>
          </a>
          <a
            href="//hummus"
          >
            <li
              class="list-group-item"
            >
              Hummus
            </li>
          </a>
          <a
            href="//arugula-and-walnut-salad"
          >
            <li
              class="list-group-item"
            >
              Arugula and Walnut Salad
            </li>
          </a>
        </ul>
      </div>
      <a
        class="addNewLink"
        href="/snacks/add"
      >
        Add New Snack
      </a>
    </div>
  </section>
</DocumentFragment>
`;
